2026-05-07 12:13:55 +0000 [MT] Initial pipeline context: <IDEDistributionProcessingPipelineContext: 0x9ec181800; archive(resolved)="<IDEArchive: 0x9ec0f7480>", distributionTask(resolved)="2", distributionDestination(resolved)="1", distributionMethod(resolved)="<IDEDistributionMethodiOSAppStoreDistribution: 0x9ec647c10>", team(resolved)="<IDEProvisioningBasicTeam: 0x9ed5004c0; teamID='Z247G8X22D', teamName='(null)'>">
	Chain (15, self inclusive):
	<IDEDistributionProcessingPipelineContext: 0x9ec181800; archive = "<IDEArchive: 0x9ec0f7480>", distributionMethod="<IDEDistributionMethodiOSAppStoreDistribution: 0x9ec647c10>", team="<IDEProvisioningBasicTeam: 0x9ed5004c0; teamID='Z247G8X22D', teamName='(null)'>">
	<IDEDistributionProcessingPipelineContext: 0x9ec181b00; archive = "<IDEArchive: 0x9ec0f7480>", distributionMethod="<IDEDistributionMethodiOSAppStoreDistribution: 0x9ec647c10>", team="<IDEProvisioningBasicTeam: 0x9ed5004c0; teamID='Z247G8X22D', teamName='(null)'>">
	<IDEDistributionContext: 0x9ed4c2f80; archive = "<IDEArchive: 0x9ec0f7480>", distributionMethod="<IDEDistributionMethodiOSAppStoreDistribution: 0x9ec647c10>", team="<IDEProvisioningBasicTeam: 0x9ed5004c0; teamID='Z247G8X22D', teamName='(null)'>">
	<IDEDistributionContext: 0x9ed4c2a80; archive = "<IDEArchive: 0x9ec0f7480>", distributionMethod="<IDEDistributionMethodiOSAppStoreDistribution: 0x9ec647c10>", team="<IDEProvisioningBasicTeam: 0x9ed5004c0; teamID='Z247G8X22D', teamName='(null)'>">
	<IDEDistributionContext: 0x9ed4c2800; archive = "<IDEArchive: 0x9ec0f7480>", distributionMethod="<IDEDistributionMethodiOSAppStoreDistribution: 0x9ec647c10>", team="<IDEProvisioningBasicTeam: 0x9ed5004c0; teamID='Z247G8X22D', teamName='(null)'>">
	<IDEDistributionContext: 0x9ed4c2580; archive = "<IDEArchive: 0x9ec0f7480>", distributionMethod="<IDEDistributionMethodiOSAppStoreDistribution: 0x9ec647c10>", team="<IDEProvisioningBasicTeam: 0x9ed5004c0; teamID='Z247G8X22D', teamName='(null)'>">
	<IDEDistributionContext: 0x9ed4c2300; archive = "<IDEArchive: 0x9ec0f7480>", distributionMethod="<IDEDistributionMethodiOSAppStoreDistribution: 0x9ec647c10>", team="<IDEProvisioningBasicTeam: 0x9ed5004c0; teamID='Z247G8X22D', teamName='(null)'>">
	<IDEDistributionContext: 0x9ed4c2080; archive = "<IDEArchive: 0x9ec0f7480>", distributionMethod="<IDEDistributionMethodiOSAppStoreDistribution: 0x9ec647c10>", team="<IDEProvisioningBasicTeam: 0x9ed5004c0; teamID='Z247G8X22D', teamName='(null)'>">
	<IDEDistributionContext: 0x9ed4c1e00; archive = "<IDEArchive: 0x9ec0f7480>", distributionMethod="<IDEDistributionMethodiOSAppStoreDistribution: 0x9ec647c10>", team="<IDEProvisioningBasicTeam: 0x9ed5004c0; teamID='Z247G8X22D', teamName='(null)'>">
	<IDEDistributionContext: 0x9ed4c0a00; archive = "<IDEArchive: 0x9ec0f7480>", distributionMethod="<IDEDistributionMethodiOSAppStoreDistribution: 0x9ec647c10>", team="<IDEProvisioningBasicTeam: 0x9ed5004c0; teamID='Z247G8X22D', teamName='(null)'>">
	<IDEDistributionContext: 0x9ed4c0780; archive = "<IDEArchive: 0x9ec0f7480>", distributionMethod="<IDEDistributionMethodiOSAppStoreDistribution: 0x9ec647c10>", team="<IDEProvisioningBasicTeam: 0x9ed5004c0; teamID='Z247G8X22D', teamName='(null)'>">
	<IDEDistributionContext: 0x9ed4c0500; archive = "<IDEArchive: 0x9ec0f7480>", distributionMethod="<IDEDistributionMethodiOSAppStoreDistribution: 0x9ec647c10>", team="<IDEProvisioningBasicTeam: 0x9ed5004c0; teamID='Z247G8X22D', teamName='(null)'>">
	<IDEDistributionContext: 0x9ed4c0280; archive = "<IDEArchive: 0x9ec0f7480>", distributionMethod="<IDEDistributionMethodiOSAppStoreDistribution: 0x9ec647c10>", team="(null)">
	<IDEDistributionContext: 0x9ed4c0000; archive = "<IDEArchive: 0x9ec0f7480>", distributionMethod="<IDEDistributionMethodiOSAppStoreDistribution: 0x9ec647c10>", team="(null)">
	<IDEDistributionContext: 0x104412750; archive = "<IDEArchive: 0x9ec0f7480>", distributionMethod="(null)", team="(null)">
</IDEDistributionProcessingPipelineContext: 0x9ec181800>
2026-05-07 12:13:55 +0000 [MT] Processing step: IDEDistributionCreateDestRootStep
2026-05-07 12:13:55 +0000 [MT] Processing step: IDEDistributionCopyItemStep
2026-05-07 12:13:55 +0000 [MT] Running /usr/bin/ditto '-V' '/Users/fanghuaian/Documents/Projects/crisismap/release-artifacts/ios/StratAperture-1.0.3-build3-20260507-201020.xcarchive/Products/Applications/StratAperture.app' '/var/folders/fc/b9wdjy296hz35mp0z7z2l0w40000gn/T/XcodeDistPipeline.~~~YWPZQf/Root/Payload/StratAperture.app'
2026-05-07 12:13:55 +0000  >>> Copying /Users/fanghuaian/Documents/Projects/crisismap/release-artifacts/ios/StratAperture-1.0.3-build3-20260507-201020.xcarchive/Products/Applications/StratAperture.app
2026-05-07 12:13:55 +0000  copying file ./_CodeSignature/CodeResources ...
2026-05-07 12:13:55 +0000  3971 bytes for ./_CodeSignature/CodeResources
2026-05-07 12:13:55 +0000  copying file ./zh-Hant-TW.lproj/Localizable.strings ...
2026-05-07 12:13:55 +0000  4026 bytes for ./zh-Hant-TW.lproj/Localizable.strings
2026-05-07 12:13:55 +0000  copying file ./en.lproj/Localizable.strings ...
2026-05-07 12:13:55 +0000  4680 bytes for ./en.lproj/Localizable.strings
2026-05-07 12:13:55 +0000  copying file ./news-cluster-rules.v1.json ...
2026-05-07 12:13:55 +0000  7468 bytes for ./news-cluster-rules.v1.json
2026-05-07 12:13:55 +0000  copying file ./AppIcon60x60@2x.png ...
2026-05-07 12:13:55 +0000  31486 bytes for ./AppIcon60x60@2x.png
2026-05-07 12:13:55 +0000  copying file ./StratAperture ...
2026-05-07 12:13:55 +0000  1370400 bytes for ./StratAperture
2026-05-07 12:13:55 +0000  copying file ./Assets.car ...
2026-05-07 12:13:55 +0000  2507112 bytes for ./Assets.car
2026-05-07 12:13:55 +0000  copying file ./AppIcon76x76@2x~ipad.png ...
2026-05-07 12:13:55 +0000  48090 bytes for ./AppIcon76x76@2x~ipad.png
2026-05-07 12:13:55 +0000  copying file ./news-scoring-config.v1.json ...
2026-05-07 12:13:55 +0000  74 bytes for ./news-scoring-config.v1.json
2026-05-07 12:13:55 +0000  copying file ./embedded.mobileprovision ...
2026-05-07 12:13:55 +0000  12580 bytes for ./embedded.mobileprovision
2026-05-07 12:13:55 +0000  copying file ./Info.plist ...
2026-05-07 12:13:55 +0000  1378 bytes for ./Info.plist
2026-05-07 12:13:55 +0000  copying file ./PkgInfo ...
2026-05-07 12:13:55 +0000  8 bytes for ./PkgInfo
2026-05-07 12:13:55 +0000 [MT] /usr/bin/ditto exited with 0
2026-05-07 12:13:55 +0000 [MT] Processing step: IDEDistributionEmbedProfileStep
2026-05-07 12:13:55 +0000 [MT] Processing step: IDEDistributionInfoPlistStep
2026-05-07 12:13:55 +0000 [MT] Skipping setting DTXcodeBuildDistribution because toolsBuildVersionName was nil.
2026-05-07 12:13:55 +0000 [MT] Processing step: IDEDistributionItemRemovalStep
2026-05-07 12:13:55 +0000 [MT] Processing step: IDEDistributionAppThinningPlistStep
2026-05-07 12:13:55 +0000 [MT] Skipping step: IDEDistributionAppThinningPlistStep because it said so
2026-05-07 12:13:55 +0000 [MT] Processing step: IDEDistributionSymbolsStep
2026-05-07 12:13:55 +0000 [MT] Writing /var/folders/fc/b9wdjy296hz35mp0z7z2l0w40000gn/T/XcodeDistPipeline.~~~YWPZQf/Symbols/ED45E564-0E10-305F-86D8-22B2BA2F846F.symbols
2026-05-07 12:13:55 +0000 [MT] Processing step: IDEDistributionCopyAppleProvidedContentStep
2026-05-07 12:13:55 +0000 [MT] Processing step: IDEDistributionAppThinningStep
2026-05-07 12:13:55 +0000 [MT] Skipping step: IDEDistributionAppThinningStep because it said so
2026-05-07 12:13:55 +0000 [MT] Processing step: IDEDistributionArchThinningStep
2026-05-07 12:13:55 +0000 [MT] Archs to thin for item /Users/fanghuaian/Documents/Projects/crisismap/release-artifacts/ios/StratAperture-1.0.3-build3-20260507-201020.xcarchive/Products/Applications/StratAperture.app are []
2026-05-07 12:13:55 +0000 [MT] Processing step: IDEDistributionODRStep
2026-05-07 12:13:55 +0000 [MT] Processing step: IDEDistributionStripXattrsStep
2026-05-07 12:13:55 +0000 [MT] Skipping stripping extended attributes because the codesign step will strip them.
2026-05-07 12:13:55 +0000 [MT] Processing step: IDEDistributionCodesignStep
2026-05-07 12:13:55 +0000 [MT] Entitlements for <IDEDistributionItem: 0x9ee45d020; bundleID='net.strataperture.StratAperture', path='<DVTFilePath:0x9ec0f74f0:'/Users/fanghuaian/Documents/Projects/crisismap/release-artifacts/ios/StratAperture-1.0.3-build3-20260507-201020.xcarchive/Products/Applications/StratAperture.app'>', codeSigningInfo='<_DVTCodeSigningInformation_Path: 0x9ee45cfc0; isSigned='1', isAdHocSigned='0', signingCertificate='<DVTSigningCertificate: 0x9ec0af9c0; name='Apple Development: Huai An Fang (53TT37D6U8)', hash='3E1E8940DF5D51BCD297DFBD4E127C826E2CECA6', serialNumber='4A2F4A34193F05CB215B6C10E69F74DC', certificateKinds='(
    "1.2.840.113635.100.6.1.12",
    "1.2.840.113635.100.6.1.2"
), issueDate='2026-02-23 09:41:06 +0000''>', entitlements='{
    "application-identifier" = "Z247G8X22D.net.strataperture.StratAperture";
    "com.apple.developer.team-identifier" = Z247G8X22D;
    "get-task-allow" = 1;
}', teamID='Z247G8X22D', identifier='net.strataperture.StratAperture', executablePath='<DVTFilePath:0x9ee45c840:'/Users/fanghuaian/Documents/Projects/crisismap/release-artifacts/ios/StratAperture-1.0.3-build3-20260507-201020.xcarchive/Products/Applications/StratAperture.app/StratAperture'>', hardenedRuntime='0'>'>: {
    "application-identifier" = "Z247G8X22D.net.strataperture.StratAperture";
    "beta-reports-active" = 1;
    "com.apple.developer.team-identifier" = Z247G8X22D;
    "get-task-allow" = 0;
}
2026-05-07 12:13:55 +0000 [MT] Associated App Clip Identifiers Filter: Skipping because "com.apple.developer.associated-appclip-app-identifiers" is not present
2026-05-07 12:13:55 +0000 [MT] Entitlements for <IDEDistributionItem: 0x9ee45d020; bundleID='net.strataperture.StratAperture', path='<DVTFilePath:0x9ec0f74f0:'/Users/fanghuaian/Documents/Projects/crisismap/release-artifacts/ios/StratAperture-1.0.3-build3-20260507-201020.xcarchive/Products/Applications/StratAperture.app'>', codeSigningInfo='<_DVTCodeSigningInformation_Path: 0x9ee45cfc0; isSigned='1', isAdHocSigned='0', signingCertificate='<DVTSigningCertificate: 0x9ec0ae940; name='Apple Development: Huai An Fang (53TT37D6U8)', hash='3E1E8940DF5D51BCD297DFBD4E127C826E2CECA6', serialNumber='4A2F4A34193F05CB215B6C10E69F74DC', certificateKinds='(
    "1.2.840.113635.100.6.1.12",
    "1.2.840.113635.100.6.1.2"
), issueDate='2026-02-23 09:41:06 +0000''>', entitlements='{
    "application-identifier" = "Z247G8X22D.net.strataperture.StratAperture";
    "com.apple.developer.team-identifier" = Z247G8X22D;
    "get-task-allow" = 1;
}', teamID='Z247G8X22D', identifier='net.strataperture.StratAperture', executablePath='<DVTFilePath:0x9ee45c840:'/Users/fanghuaian/Documents/Projects/crisismap/release-artifacts/ios/StratAperture-1.0.3-build3-20260507-201020.xcarchive/Products/Applications/StratAperture.app/StratAperture'>', hardenedRuntime='0'>'> are: {
    "application-identifier" = "Z247G8X22D.net.strataperture.StratAperture";
    "beta-reports-active" = 1;
    "com.apple.developer.team-identifier" = Z247G8X22D;
    "get-task-allow" = 0;
}
2026-05-07 12:13:55 +0000 [MT] Writing entitlements for <IDEDistributionItem: 0x9ee45d020; bundleID='net.strataperture.StratAperture', path='<DVTFilePath:0x9ec0f74f0:'/Users/fanghuaian/Documents/Projects/crisismap/release-artifacts/ios/StratAperture-1.0.3-build3-20260507-201020.xcarchive/Products/Applications/StratAperture.app'>', codeSigningInfo='<_DVTCodeSigningInformation_Path: 0x9ee45cfc0; isSigned='1', isAdHocSigned='0', signingCertificate='<DVTSigningCertificate: 0x9ec0ae940; name='Apple Development: Huai An Fang (53TT37D6U8)', hash='3E1E8940DF5D51BCD297DFBD4E127C826E2CECA6', serialNumber='4A2F4A34193F05CB215B6C10E69F74DC', certificateKinds='(
    "1.2.840.113635.100.6.1.12",
    "1.2.840.113635.100.6.1.2"
), issueDate='2026-02-23 09:41:06 +0000''>', entitlements='{
    "application-identifier" = "Z247G8X22D.net.strataperture.StratAperture";
    "com.apple.developer.team-identifier" = Z247G8X22D;
    "get-task-allow" = 1;
}', teamID='Z247G8X22D', identifier='net.strataperture.StratAperture', executablePath='<DVTFilePath:0x9ee45c840:'/Users/fanghuaian/Documents/Projects/crisismap/release-artifacts/ios/StratAperture-1.0.3-build3-20260507-201020.xcarchive/Products/Applications/StratAperture.app/StratAperture'>', hardenedRuntime='0'>'> to: /var/folders/fc/b9wdjy296hz35mp0z7z2l0w40000gn/T/XcodeDistPipeline.~~~YWPZQf/entitlements~~~xiGz6q
2026-05-07 12:13:55 +0000 [MT] invoking codesign: <NSConcreteTask: 0x9ee753020; launchPath='/usr/bin/codesign', arguments='(
    "-f",
    "-s",
    85BAA877716EA26C9282047A6BC9A3F2949FFCE5,
    "--entitlements",
    "/var/folders/fc/b9wdjy296hz35mp0z7z2l0w40000gn/T/XcodeDistPipeline.~~~YWPZQf/entitlements~~~xiGz6q",
    "--preserve-metadata=identifier,flags,runtime,launch-constraints,library-constraints",
    "--generate-entitlement-der",
    "--strip-disallowed-xattrs",
    "-vvv",
    "/var/folders/fc/b9wdjy296hz35mp0z7z2l0w40000gn/T/XcodeDistPipeline.~~~YWPZQf/Root/Payload/StratAperture.app"
)'>
2026-05-07 12:13:55 +0000 [MT] codesign output: /var/folders/fc/b9wdjy296hz35mp0z7z2l0w40000gn/T/XcodeDistPipeline.~~~YWPZQf/Root/Payload/StratAperture.app: replacing existing signature
/var/folders/fc/b9wdjy296hz35mp0z7z2l0w40000gn/T/XcodeDistPipeline.~~~YWPZQf/Root/Payload/StratAperture.app: signed app bundle with Mach-O thin (arm64) [net.strataperture.StratAperture]
2026-05-07 12:13:55 +0000 [MT] Processing step: IDEDistributionZipODRItemStep
2026-05-07 12:13:55 +0000 [MT] Skipping step: IDEDistributionZipODRItemStep because it said so
2026-05-07 12:13:55 +0000 [MT] Processing step: IDEDistributionCreateIPAStep
2026-05-07 12:13:55 +0000 [MT] Running /usr/bin/rsync '-8aPhhE' '/var/folders/fc/b9wdjy296hz35mp0z7z2l0w40000gn/T/XcodeDistPipeline.~~~YWPZQf/Symbols' '--link-dest' '/var/folders/fc/b9wdjy296hz35mp0z7z2l0w40000gn/T/XcodeDistPipeline.~~~YWPZQf' '/var/folders/fc/b9wdjy296hz35mp0z7z2l0w40000gn/T/XcodeDistPipeline.~~~YWPZQf/Root'
2026-05-07 12:13:55 +0000  Symbols/
._Symbols
            163 170%    2.99MB/s   00:00:00 (xfer#1, to-check=0/4)
2026-05-07 12:13:55 +0000  Symbols/ED45E564-0E10-305F-86D8-22B2BA2F846F.symbols
Symbols/._ED45E564-0E10-305F-86D8-22B2BA2F846F.symbols
            163   0%  261.31KB/s   00:00:00 (xfer#2, to-check=2/4)
2026-05-07 12:13:55 +0000 [MT] /usr/bin/rsync exited with 0
2026-05-07 12:13:55 +0000 [MT] Running /usr/bin/ditto '-V' '-c' '-k' '--norsrc' '/var/folders/fc/b9wdjy296hz35mp0z7z2l0w40000gn/T/XcodeDistPipeline.~~~YWPZQf/Root' '/var/folders/fc/b9wdjy296hz35mp0z7z2l0w40000gn/T/XcodeDistPipeline.~~~YWPZQf/Packages/StratAperture.ipa'
2026-05-07 12:13:55 +0000  >>> Copying /var/folders/fc/b9wdjy296hz35mp0z7z2l0w40000gn/T/XcodeDistPipeline.~~~YWPZQf/Root
2026-05-07 12:13:55 +0000  copying file ./Payload/StratAperture.app/_CodeSignature/CodeResources ...
2026-05-07 12:13:55 +0000  3971 bytes for ./Payload/StratAperture.app/_CodeSignature/CodeResources
2026-05-07 12:13:55 +0000  copying file ./Payload/StratAperture.app/zh-Hant-TW.lproj/Localizable.strings ...
2026-05-07 12:13:55 +0000  4026 bytes for ./Payload/StratAperture.app/zh-Hant-TW.lproj/Localizable.strings
2026-05-07 12:13:55 +0000  copying file ./Payload/StratAperture.app/en.lproj/Localizable.strings ...
2026-05-07 12:13:55 +0000  4680 bytes for ./Payload/StratAperture.app/en.lproj/Localizable.strings
2026-05-07 12:13:55 +0000  copying file ./Payload/StratAperture.app/news-cluster-rules.v1.json ...
2026-05-07 12:13:55 +0000  7468 bytes for ./Payload/StratAperture.app/news-cluster-rules.v1.json
2026-05-07 12:13:55 +0000  copying file ./Payload/StratAperture.app/AppIcon60x60@2x.png ...
2026-05-07 12:13:55 +0000  31486 bytes for ./Payload/StratAperture.app/AppIcon60x60@2x.png
2026-05-07 12:13:55 +0000  copying file ./Payload/StratAperture.app/StratAperture ...
2026-05-07 12:13:55 +0000  1370464 bytes for ./Payload/StratAperture.app/StratAperture
2026-05-07 12:13:55 +0000  copying file ./Payload/StratAperture.app/Assets.car ...
2026-05-07 12:13:55 +0000  2507112 bytes for ./Payload/StratAperture.app/Assets.car
2026-05-07 12:13:55 +0000  copying file ./Payload/StratAperture.app/AppIcon76x76@2x~ipad.png ...
2026-05-07 12:13:55 +0000  48090 bytes for ./Payload/StratAperture.app/AppIcon76x76@2x~ipad.png
2026-05-07 12:13:55 +0000  copying file ./Payload/StratAperture.app/news-scoring-config.v1.json ...
2026-05-07 12:13:55 +0000  74 bytes for ./Payload/StratAperture.app/news-scoring-config.v1.json
copying file ./Payload/StratAperture.app/embedded.mobileprovision ...
2026-05-07 12:13:55 +0000  14273 bytes for ./Payload/StratAperture.app/embedded.mobileprovision
2026-05-07 12:13:55 +0000  copying file ./Payload/StratAperture.app/Info.plist ...
2026-05-07 12:13:55 +0000  1378 bytes for ./Payload/StratAperture.app/Info.plist
2026-05-07 12:13:55 +0000  copying file ./Payload/StratAperture.app/PkgInfo ...
2026-05-07 12:13:55 +0000  8 bytes for ./Payload/StratAperture.app/PkgInfo
2026-05-07 12:13:55 +0000  copying file ./Symbols/ED45E564-0E10-305F-86D8-22B2BA2F846F.symbols ...
2026-05-07 12:13:55 +0000  3500340 bytes for ./Symbols/ED45E564-0E10-305F-86D8-22B2BA2F846F.symbols
2026-05-07 12:13:55 +0000 [MT] /usr/bin/ditto exited with 0
2026-05-07 12:13:55 +0000 [MT] Processing step: IDEDistributionAppStoreInformationStep
2026-05-07 12:13:55 +0000 [MT] Skipping step: IDEDistributionAppStoreInformationStep because it said so
2026-05-07 12:13:55 +0000 [MT] Processing step: IDEDistributionGenerateProcessedDistributionItems
2026-05-07 12:13:55 +0000 [MT] IDEDistributionItem init <DVTFilePath:0x9ebc71c00:'/var/folders/fc/b9wdjy296hz35mp0z7z2l0w40000gn/T/XcodeDistPipeline.~~~YWPZQf/Root/Payload/StratAperture.app'>
2026-05-07 12:13:55 +0000 [MT] Processing step: IDEDistributionCreateManifestStep
2026-05-07 12:13:55 +0000 [MT] Skipping step: IDEDistributionCreateManifestStep because it said so
